#Versione
r:"^v([0-9]+)$"=v$1
r:"(^[\s\S]+)(\[MODDED\])$"=$1[MOD ATTIVE]

Adjust screen brightness until the symbol on the right is barely visible.=Regolare la luminosità dello schermo finché il simbolo a destra è a malapena visibile.
Voice volume=Volume voce

# Menù
LAUNCH MODE=MODALITÀ D'AVVIO
> Online=> Online
> LAN=> LAN
  Online=  Online
  LAN=  LAN
  (Recommended)=(Consigliata)

> Host=> Avvia il server
> Join a crew=> Unisciti a una partita
> Settings=> Impostazioni
> Credits=> Riconoscimenti
Credits=Riconoscimenti
> Quit=> Esci

Host LAN Server:=Avvia server LAN:
Allow remote connections= Consenti\nconnessioni\nremote
Local-only=Solo in\nlocale

An error occured!=Si è verificato\nun errore!

> Join LAN session=> Unisciti a una sessione LAN
(Launched in LAN mode)=(Avviato in modalità LAN)
You are in LAN mode. When allowing remote connections through LAN, please ensure you have sufficient network security such as a firewall and/or VPN.=Sei in modalità LAN.\nQuando consenti connessioni remote tramite LAN, assicurati di disporre di una sicurezza di rete sufficiente come un firewall e/o VPN.

Would you like to leave the game?=Vuoi uscire?
> Confirm=> Conferma
> Cancel=> Annulla

Server name:=Nome Server:
Public=Pubblico
PUBLIC means your game will be visible on the server list for all to see.=Pubblico: La tua partita sarà visibile a chiunque.
Friends-only=Solo amici
PRIVATE means you must send invites through Steam for players to join.=Solo amici: Invita i tuoi amici dall'interfaccia Steam.
[ Confirm ]=[Conferma]
[ Back ]=[Indietro]

Started server, joining...=Avvio server...
Loading...=Caricamento

Save File=Salvataggio
r:"^File ([0-9]+)$"=File $1
r:"^(\$[0-9]+)\\nDays: ([0-9]+)$"=$1\nGiorni: $2

Servers=Server
[ Refresh ]=[Aggiorna]
Loading server list...=Caricamento\n  lista server...
Sort: near=Ordine: vicino
Sort: far=Ordine: lontano
Sort: worldwide=Ordine: tutti
Join=Unisciti
> Back to menu=> Torna al menù

r:"^Do you want to delete File ([0-9])\?$"=Vuoi eliminare il File $1?
Delete=Elimina
Go back=Torna indietro
Back=Indietro

> Back=> Indietro
> DISCARD=> ANNULLA
Discard=Annulla
Discard changes=Annulla le modifiche
Confirm=Conferma
Confirm changes?=Confermare modifiche?
Unconfirmed changes!=Modifiche non salvate!

> Resume=> Continua
> Invite friends=> Invita amici

BROADCASTED SPECIAL CODE=TRASMISSIONE ESEGUITA
Press "/" to talk.=Premi "/" per scrivere.

Tell autopilot ship to leave early : [RMB] (Hold)=Ordina al pilota automatico di partire: [TDM] (Tieni)
TIP!: Hold [RMB] to vote for the autopilot ship to leave early=CONSIGLIO!: Tieni premuto [TDM] per votare una partenza anticipata della nave.
[LIFE SUPPORT: OFFLINE]=[SUPPORTO VITALE: FALLITO]
(Dead)=(MORTO)

YOU ARE FIRED.=SEI\n   LICENZIATO
You did not meet the profit quota before the deadline.=Non hai raggiunto la quota prestabilita entro la scadenza.
Fines=Trattenute

RECEIVING SIGNAL=TRASMISSIONE RICEVUTA